// Jest Snapshot v1, https://goo.gl/fbAQLP

exports[`Scenes Home should match snapshot 1`] = `
<Styled(View)
  key="1"
>
  <Styled(Text)>
    Home
  </Styled(Text)>
  <Styled(View)>
    <Styled(View)>
      <TestAtom />
    </Styled(View)>
  </Styled(View)>
</Styled(View)>
`;
